The Datasource Name 'purposelyMisspelt'
is not a legal match for RdlcTestTarget.InsultsReport.rdlc,
Legal Matches are: [Model]