"C:\Program Files\Microsoft Visual Studio\2017\Community\Common7\IDE\devenv.exe" /diff "../../b.txt" "../../a.txt"