[0] = Boolean AccObjDoDefaultAction
[1] = System.Windows.Forms.CreateParams CreateParams
[2] = System.Drawing.Size DefaultSize
[3] = System.Drawing.Rectangle OverChangeRectangle
[4] = System.Drawing.Rectangle DownChangeRectangle
[5] = System.Windows.Forms.ImeMode DefaultImeMode
[6] = Boolean IsDefault
[7] = Boolean IsMnemonicsListenerAxSourced
[8] = Boolean OwnerDraw
[9] = Boolean MouseIsPressed
[10] = Boolean MouseIsDown
[11] = Boolean MouseIsOver
[12] = Boolean ShowToolTip
[13] = System.Windows.Forms.ButtonInternal.ButtonBaseAdapter Adapter
[14] = Boolean SupportsUseCompatibleTextRendering
[15] = IntPtr BackColorBrush
[16] = Boolean BecomingActiveControl
[17] = System.Windows.Forms.BindingContext BindingContextInternal
[18] = Boolean CanAccessProperties
[19] = Boolean CanRaiseEvents
[20] = Boolean CaptureInternal
[21] = Boolean CacheTextInternal
[22] = Boolean ValidationCancelled
[23] = Boolean IsTopMdiWindowClosing
[24] = Int32 CreateThreadId
[25] = System.Windows.Forms.Cursor DefaultCursor
[26] = System.Windows.Forms.Padding DefaultMargin
[27] = System.Drawing.Size DefaultMaximumSize
[28] = System.Drawing.Size DefaultMinimumSize
[29] = System.Windows.Forms.Padding DefaultPadding
[30] = System.Drawing.Color DisabledColor
[31] = Boolean DoubleBuffered
[32] = IntPtr FontHandle
[33] = Int32 FontHeight
[34] = IntPtr HandleInternal
[35] = Boolean HasMenu
[36] = Boolean HostedInWin32DialogManager
[37] = Boolean IsLayoutSuspended
[38] = Boolean IsWindowObscured
[39] = IntPtr InternalHandle
[40] = Boolean IsActiveX
[41] = Boolean IsContainerControl
[42] = Boolean IsIEParent
[43] = System.Windows.Forms.Control ParentInternal
[44] = System.Windows.Forms.PropertyStore Properties
[45] = System.Drawing.Color RawBackColor
[46] = Boolean RenderRightToLeft
[47] = Boolean RenderTransparent
[48] = Boolean RenderTransparencyWithVisualStyles
[49] = System.Windows.Forms.BoundsSpecified RequiredScaling
[50] = Boolean RequiredScalingEnabled
[51] = Boolean ResizeRedraw
[52] = Boolean ScaleChildren
[53] = Boolean TabStopInternal
[54] = System.Windows.Forms.Control TopLevelControlInternal
[55] = System.Windows.Forms.Control TopMostParent
[56] = Boolean ShowKeyboardCues
[57] = Boolean ShowFocusCues
[58] = Int32 ShowParams
[59] = Boolean UseCompatibleTextRenderingInt
[60] = Int32 WindowStyle
[61] = System.String WindowText
[62] = System.Windows.Forms.ContainerControl ParentContainerControl
[63] = Boolean ShouldAutoValidate
[64] = System.Windows.Forms.ImeMode CachedImeMode
[65] = Boolean CanEnableIme
[66] = System.Windows.Forms.ImeMode CurrentImeContextMode
[67] = Int32 DisableImeModeChangedCount
[68] = System.Windows.Forms.ImeMode ImeModeBase
[69] = Int32 ImeWmCharsToIgnore
[70] = Boolean CanRaiseEventsInternal
[71] = System.ComponentModel.EventHandlerList Events
[72] = Boolean DesignMode
