For Net_v4.0.30319.42000

[0] = System.Object EVENT_CHECKEDCHANGED
[1] = System.Object EVENT_CHECKSTATECHANGED
[2] = System.Object EVENT_APPEARANCECHANGED
[3] = System.Drawing.ContentAlignment anyRight
[4] = Int32 FlagMouseOver
[5] = Int32 FlagMouseDown
[6] = Int32 FlagMousePressed
[7] = Int32 FlagInButtonUp
[8] = Int32 FlagCurrentlyAnimating
[9] = Int32 FlagAutoEllipsis
[10] = Int32 FlagIsDefault
[11] = Int32 FlagUseMnemonic
[12] = Int32 FlagShowToolTip
[13] = System.Diagnostics.TraceSwitch ControlKeyboardRouting
[14] = System.Diagnostics.TraceSwitch PaletteTracing
[15] = System.Diagnostics.TraceSwitch FocusTracing
[16] = System.Diagnostics.BooleanSwitch BufferPinkRect
[17] = Int32 WM_GETCONTROLNAME
[18] = Int32 WM_GETCONTROLTYPE
[19] = System.Object EventAutoSizeChanged
[20] = System.Object EventKeyDown
[21] = System.Object EventKeyPress
[22] = System.Object EventKeyUp
[23] = System.Object EventMouseDown
[24] = System.Object EventMouseEnter
[25] = System.Object EventMouseLeave
[26] = System.Object EventDpiChangedBeforeParent
[27] = System.Object EventDpiChangedAfterParent
[28] = System.Object EventMouseHover
[29] = System.Object EventMouseMove
[30] = System.Object EventMouseUp
[31] = System.Object EventMouseWheel
[32] = System.Object EventClick
[33] = System.Object EventClientSize
[34] = System.Object EventDoubleClick
[35] = System.Object EventMouseClick
[36] = System.Object EventMouseDoubleClick
[37] = System.Object EventMouseCaptureChanged
[38] = System.Object EventMove
[39] = System.Object EventResize
[40] = System.Object EventLayout
[41] = System.Object EventGotFocus
[42] = System.Object EventLostFocus
[43] = System.Object EventEnabledChanged
[44] = System.Object EventEnter
[45] = System.Object EventLeave
[46] = System.Object EventHandleCreated
[47] = System.Object EventHandleDestroyed
[48] = System.Object EventVisibleChanged
[49] = System.Object EventControlAdded
[50] = System.Object EventControlRemoved
[51] = System.Object EventChangeUICues
[52] = System.Object EventSystemColorsChanged
[53] = System.Object EventValidating
[54] = System.Object EventValidated
[55] = System.Object EventStyleChanged
[56] = System.Object EventImeModeChanged
[57] = System.Object EventHelpRequested
[58] = System.Object EventPaint
[59] = System.Object EventInvalidated
[60] = System.Object EventQueryContinueDrag
[61] = System.Object EventGiveFeedback
[62] = System.Object EventDragEnter
[63] = System.Object EventDragLeave
[64] = System.Object EventDragOver
[65] = System.Object EventDragDrop
[66] = System.Object EventQueryAccessibilityHelp
[67] = System.Object EventBackgroundImage
[68] = System.Object EventBackgroundImageLayout
[69] = System.Object EventBindingContext
[70] = System.Object EventBackColor
[71] = System.Object EventParent
[72] = System.Object EventVisible
[73] = System.Object EventText
[74] = System.Object EventTabStop
[75] = System.Object EventTabIndex
[76] = System.Object EventSize
[77] = System.Object EventRightToLeft
[78] = System.Object EventLocation
[79] = System.Object EventForeColor
[80] = System.Object EventFont
[81] = System.Object EventEnabled
[82] = System.Object EventDock
[83] = System.Object EventCursor
[84] = System.Object EventContextMenu
[85] = System.Object EventContextMenuStrip
[86] = System.Object EventCausesValidation
[87] = System.Object EventRegionChanged
[88] = System.Object EventMarginChanged
[89] = System.Object EventPaddingChanged
[90] = System.Object EventPreviewKeyDown
[91] = Int32 mouseWheelMessage
[92] = Boolean mouseWheelRoutingNeeded
[93] = Boolean mouseWheelInit
[94] = Int32 threadCallbackMessage
[95] = Boolean checkForIllegalCrossThreadCalls
[96] = System.Threading.ContextCallback invokeMarshaledCallbackHelperDelegate
[97] = FontHandleWrapper defaultFontHandleWrapper
[98] = System.Drawing.Font defaultFont
[99] = Int32 PropName
[100] = Int32 PropBackBrush
[101] = Int32 PropFontHeight
[102] = Int32 PropCurrentAmbientFont
[103] = Int32 PropControlsCollection
[104] = Int32 PropBackColor
[105] = Int32 PropForeColor
[106] = Int32 PropFont
[107] = Int32 PropBackgroundImage
[108] = Int32 PropFontHandleWrapper
[109] = Int32 PropUserData
[110] = Int32 PropContextMenu
[111] = Int32 PropCursor
[112] = Int32 PropRegion
[113] = Int32 PropRightToLeft
[114] = Int32 PropBindings
[115] = Int32 PropBindingManager
[116] = Int32 PropAccessibleDefaultActionDescription
[117] = Int32 PropAccessibleDescription
[118] = Int32 PropAccessibility
[119] = Int32 PropNcAccessibility
[120] = Int32 PropAccessibleName
[121] = Int32 PropAccessibleRole
[122] = Int32 PropPaintingException
[123] = Int32 PropActiveXImpl
[124] = Int32 PropControlVersionInfo
[125] = Int32 PropBackgroundImageLayout
[126] = Int32 PropAccessibleHelpProvider
[127] = Int32 PropContextMenuStrip
[128] = Int32 PropAutoScrollOffset
[129] = Int32 PropUseCompatibleTextRendering
[130] = Int32 PropImeWmCharsToIgnore
[131] = Int32 PropImeMode
[132] = Int32 PropDisableImeModeChangedCount
[133] = Int32 PropLastCanEnableIme
[134] = Int32 PropCacheTextCount
[135] = Int32 PropCacheTextField
[136] = Int32 PropAmbientPropertiesService
[137] = Boolean UseCompatibleTextRenderingDefault
[138] = System.Windows.Forms.ImeMode propagatingImeMode
[139] = Boolean ignoreWmImeNotify
[140] = Boolean lastLanguageChinese
[141] = Boolean inCrossThreadSafeCall
[142] = System.Windows.Forms.HelpInfo currentHelpInfo
[143] = Int32 STATE_CREATED
[144] = Int32 STATE_VISIBLE
[145] = Int32 STATE_ENABLED
[146] = Int32 STATE_TABSTOP
[147] = Int32 STATE_RECREATE
[148] = Int32 STATE_MODAL
[149] = Int32 STATE_ALLOWDROP
[150] = Int32 STATE_DROPTARGET
[151] = Int32 STATE_NOZORDER
[152] = Int32 STATE_LAYOUTDEFERRED
[153] = Int32 STATE_USEWAITCURSOR
[154] = Int32 STATE_DISPOSED
[155] = Int32 STATE_DISPOSING
[156] = Int32 STATE_MOUSEENTERPENDING
[157] = Int32 STATE_TRACKINGMOUSEEVENT
[158] = Int32 STATE_THREADMARSHALLPENDING
[159] = Int32 STATE_SIZELOCKEDBYOS
[160] = Int32 STATE_CAUSESVALIDATION
[161] = Int32 STATE_CREATINGHANDLE
[162] = Int32 STATE_TOPLEVEL
[163] = Int32 STATE_ISACCESSIBLE
[164] = Int32 STATE_OWNCTLBRUSH
[165] = Int32 STATE_EXCEPTIONWHILEPAINTING
[166] = Int32 STATE_LAYOUTISDIRTY
[167] = Int32 STATE_CHECKEDHOST
[168] = Int32 STATE_HOSTEDINDIALOG
[169] = Int32 STATE_DOUBLECLICKFIRED
[170] = Int32 STATE_MOUSEPRESSED
[171] = Int32 STATE_VALIDATIONCANCELLED
[172] = Int32 STATE_PARENTRECREATING
[173] = Int32 STATE_MIRRORED
[174] = Int32 STATE2_HAVEINVOKED
[175] = Int32 STATE2_SETSCROLLPOS
[176] = Int32 STATE2_LISTENINGTOUSERPREFERENCECHANGED
[177] = Int32 STATE2_INTERESTEDINUSERPREFERENCECHANGED
[178] = Int32 STATE2_MAINTAINSOWNCAPTUREMODE
[179] = Int32 STATE2_BECOMINGACTIVECONTROL
[180] = Int32 STATE2_CLEARLAYOUTARGS
[181] = Int32 STATE2_INPUTKEY
[182] = Int32 STATE2_INPUTCHAR
[183] = Int32 STATE2_UICUES
[184] = Int32 STATE2_ISACTIVEX
[185] = Int32 STATE2_USEPREFERREDSIZECACHE
[186] = Int32 STATE2_TOPMDIWINDOWCLOSING
[187] = Int32 STATE2_CURRENTLYBEINGSCALED
[188] = Int16 PaintLayerBackground
[189] = Int16 PaintLayerForeground
[190] = Byte RequiredScalingEnabledMask
[191] = Byte RequiredScalingMask
[192] = Int32 UISTATE_FOCUS_CUES_MASK
[193] = Int32 UISTATE_FOCUS_CUES_HIDDEN
[194] = Int32 UISTATE_FOCUS_CUES_SHOW
[195] = Int32 UISTATE_KEYBOARD_CUES_MASK
[196] = Int32 UISTATE_KEYBOARD_CUES_HIDDEN
[197] = Int32 UISTATE_KEYBOARD_CUES_SHOW
[198] = Int32 ImeCharsToIgnoreDisabled
[199] = Int32 ImeCharsToIgnoreEnabled
[200] = System.Object EventDisposed
